
  .   ____          _            __ _ _
 /\\ / ___'_ __ _ _(_)_ __  __ _ \ \ \ \
( ( )\___ | '_ | '_| | '_ \/ _` | \ \ \ \
 \\/  ___)| |_)| | | | | || (_| |  ) ) ) )
  '  |____| .__|_| |_|_| |_\__, | / / / /
 =========|_|==============|___/=/_/_/_/

 :: Spring Boot ::                (v4.0.7)

2026-10-09T20:11:22.848Z  INFO 2441 --- [PharmaBackend] [           main] p.e.u.P.PharmaBackendApplication         : Starting PharmaBackendApplication using Java 21.0.12.1 with PID 2441 (/home/runner/work/pharmaMobil-ktor/pharmaMobil-ktor/backend/target/classes started by runner in /home/runner/work/pharmaMobil-ktor/pharmaMobil-ktor/backend)
2026-10-09T20:11:22.849Z DEBUG 2441 --- [PharmaBackend] [           main] p.e.u.P.PharmaBackendApplication         : Running with Spring Boot v4.0.7, Spring v7.0.8
2026-10-09T20:11:22.850Z  INFO 2441 --- [PharmaBackend] [           main] p.e.u.P.PharmaBackendApplication         : The following 1 profile is active: "h2"
2026-10-09T20:11:23.446Z  INFO 2441 --- [PharmaBackend] [           main] .s.d.r.c.RepositoryConfigurationDelegate : Bootstrapping Spring Data JPA repositories in DEFAULT mode.
2026-10-09T20:11:23.483Z  INFO 2441 --- [PharmaBackend] [           main] .s.d.r.c.RepositoryConfigurationDelegate : Finished Spring Data repository scanning in 31 ms. Found 5 JPA repository interfaces.
2026-10-09T20:11:23.796Z  INFO 2441 --- [PharmaBackend] [           main] o.s.boot.tomcat.TomcatWebServer          : Tomcat initialized with port 8080 (http)
2026-10-09T20:11:23.819Z  INFO 2441 --- [PharmaBackend] [           main] o.apache.catalina.core.StandardService   : Starting service [Tomcat]
2026-10-09T20:11:23.820Z  INFO 2441 --- [PharmaBackend] [           main] o.apache.catalina.core.StandardEngine    : Starting Servlet engine: [Apache Tomcat/11.0.22]
2026-10-09T20:11:23.959Z  INFO 2441 --- [PharmaBackend] [           main] b.w.c.s.WebApplicationContextInitializer : Root WebApplicationContext: initialization completed in 1074 ms
2026-10-09T20:11:24.059Z  INFO 2441 --- [PharmaBackend] [           main] org.hibernate.orm.jpa                    : HHH008540: Processing PersistenceUnitInfo [name: default]
2026-10-09T20:11:24.083Z  INFO 2441 --- [PharmaBackend] [           main] org.hibernate.orm.core                   : HHH000001: Hibernate ORM core version 7.2.19.Final
2026-10-09T20:11:24.543Z  INFO 2441 --- [PharmaBackend] [           main] o.s.o.j.p.SpringPersistenceUnitInfo      : No LoadTimeWeaver setup: ignoring JPA class transformer
2026-10-09T20:11:24.566Z  INFO 2441 --- [PharmaBackend] [           main] com.zaxxer.hikari.HikariDataSource       : HikariPool-1 - Starting...
2026-10-09T20:11:24.980Z  INFO 2441 --- [PharmaBackend] [           main] com.zaxxer.hikari.pool.HikariPool        : HikariPool-1 - Added connection conn0: url=jdbc:h2:mem:pharmadb user=SA
2026-10-09T20:11:24.981Z  INFO 2441 --- [PharmaBackend] [           main] com.zaxxer.hikari.HikariDataSource       : HikariPool-1 - Start completed.
2026-10-09T20:11:25.014Z  INFO 2441 --- [PharmaBackend] [           main] org.hibernate.orm.connections.pooling    : HHH10001005: Database info:
	Database JDBC URL [jdbc:h2:mem:pharmadb]
	Database driver: H2 JDBC Driver
	Database dialect: H2Dialect
	Database version: 2.4.240
	Default catalog/schema: PHARMADB/PUBLIC
	Autocommit mode: undefined/unknown
	Isolation level: READ_COMMITTED [default READ_COMMITTED]
	JDBC fetch size: 100
	Pool: DataSourceConnectionProvider
	Minimum pool size: undefined/unknown
	Maximum pool size: undefined/unknown
2026-10-09T20:11:25.582Z  INFO 2441 --- [PharmaBackend] [           main] org.hibernate.orm.core                   : HHH000489: No JTA platform available (set 'hibernate.transaction.jta.platform' to enable JTA platform integration)
2026-10-09T20:11:25.619Z  INFO 2441 --- [PharmaBackend] [           main] j.LocalContainerEntityManagerFactoryBean : Initialized JPA EntityManagerFactory for persistence unit 'default'
2026-10-09T20:11:25.673Z  INFO 2441 --- [PharmaBackend] [           main] o.s.d.j.r.query.QueryEnhancerFactories   : Hibernate is in classpath; If applicable, HQL parser will be used.
2026-10-09T20:11:26.566Z  WARN 2441 --- [PharmaBackend] [           main] JpaBaseConfiguration$JpaWebConfiguration : spring.jpa.open-in-view is enabled by default. Therefore, database queries may be performed during view rendering. Explicitly configure spring.jpa.open-in-view to disable this warning
2026-10-09T20:11:26.849Z  INFO 2441 --- [PharmaBackend] [           main] o.s.boot.tomcat.TomcatWebServer          : Tomcat started on port 8080 (http) with context path '/'
2026-10-09T20:11:26.854Z  INFO 2441 --- [PharmaBackend] [           main] p.e.u.P.PharmaBackendApplication         : Started PharmaBackendApplication in 4.387 seconds (process running for 4.619)
2026-10-09T20:11:26.856Z  WARN 2441 --- [PharmaBackend] [           main] o.s.core.events.SpringDocAppInitializer  : SpringDoc /swagger-ui.html endpoint is enabled by default. To disable it in production, set the property 'springdoc.swagger-ui.enabled=false'
2026-10-09T20:11:27.834Z  INFO 2441 --- [PharmaBackend] [nio-8080-exec-1] o.a.c.c.C.[Tomcat].[localhost].[/]       : Initializing Spring DispatcherServlet 'dispatcherServlet'
2026-10-09T20:11:27.834Z  INFO 2441 --- [PharmaBackend] [nio-8080-exec-1] o.s.web.servlet.DispatcherServlet        : Initializing Servlet 'dispatcherServlet'
2026-10-09T20:11:27.835Z  INFO 2441 --- [PharmaBackend] [nio-8080-exec-1] o.s.web.servlet.DispatcherServlet        : Completed initialization in 1 ms
2026-10-09T20:11:27.880Z  INFO 2441 --- [PharmaBackend] [nio-8080-exec-2] p.e.u.P.s.impl.ProductoServiceImpl       : Inicio listar productos | pagina=0 | tamanio=20 | ordenarPor=id | direccion=asc
2026-10-09T20:11:27.950Z  INFO 2441 --- [PharmaBackend] [nio-8080-exec-2] p.e.u.P.s.impl.ProductoServiceImpl       : Fin listar productos | filas=10 | total=10 | duracionMs=70
2026-10-09T20:17:26.362Z  INFO 2441 --- [PharmaBackend] [nio-8080-exec-4] p.e.u.P.s.impl.ProductoServiceImpl       : Inicio listar productos | pagina=0 | tamanio=20 | ordenarPor=id | direccion=asc
2026-10-09T20:17:26.367Z  INFO 2441 --- [PharmaBackend] [nio-8080-exec-4] p.e.u.P.s.impl.ProductoServiceImpl       : Fin listar productos | filas=10 | total=10 | duracionMs=5
2026-10-09T20:17:32.760Z  INFO 2441 --- [PharmaBackend] [nio-8080-exec-5] p.e.u.P.s.impl.ProductoServiceImpl       : Buscando producto | id=1
