Downloading https://services.gradle.org/distributions/gradle-9.1.0-bin.zip
............10%.............20%.............30%.............40%.............50%............60%.............70%.............80%.............90%.............100%

Welcome to Gradle 9.1.0!

Here are the highlights of this release:
 - Full Java 25 support
 - Native task graph visualization
 - Enhanced console output

For more details see https://docs.gradle.org/9.1.0/release-notes.html

Starting a Gradle Daemon (subsequent builds will be faster)
Daemon JVM discovery is an incubating feature.
Calculating task graph as no cached configuration is available for tasks: :androidApp:assembleDebug

> Configure project :shared
w: ⚠️ Native task 'iosSimulatorArm64Test' is disabled
Task 'iosSimulatorArm64Test' for target 'ios_simulator_arm64' cannot run on the current host (linux-x86_64).
Reason: simulator tests require macOS
Solution: To suppress this warning, add 'kotlin.native.ignoreDisabledTargets=true' to gradle.properties.


> Task :shared:androidPreBuild UP-TO-DATE
> Task :androidApp:preBuild UP-TO-DATE
> Task :androidApp:preDebugBuild UP-TO-DATE
> Task :shared:convertXmlValueResourcesForAndroidMain NO-SOURCE
> Task :shared:preAndroidMainBuild UP-TO-DATE
> Task :androidApp:mergeDebugNativeDebugMetadata NO-SOURCE
> Task :shared:kmpPartiallyResolvedDependenciesChecker
> Task :shared:checkKotlinGradlePluginConfigurationErrors SKIPPED
> Task :shared:copyNonXmlValueResourcesForAndroidMain NO-SOURCE
> Task :shared:convertXmlValueResourcesForCommonMain NO-SOURCE
> Task :shared:prepareComposeResourcesTaskForAndroidMain NO-SOURCE
> Task :shared:generateResourceAccessorsForAndroidMain NO-SOURCE
> Task :shared:generateAndroidMainEmptyResourceFiles
> Task :androidApp:generateDebugResources
> Task :shared:copyNonXmlValueResourcesForCommonMain
> Task :shared:prepareComposeResourcesTaskForCommonMain
> Task :shared:generateComposeResClass
> Task :shared:copyAndroidMainComposeResourcesToAndroidAssets
> Task :shared:generateResourceAccessorsForCommonMain
> Task :shared:generateActualResourceCollectorsForAndroidMain
> Task :shared:generateExpectResourceCollectorsForCommonMain
> Task :shared:packageAndroidMainResources
> Task :androidApp:packageDebugResources
> Task :androidApp:generateDebugAssets UP-TO-DATE
> Task :shared:generateAndroidMainAssets UP-TO-DATE
> Task :androidApp:javaPreCompileDebug
> Task :shared:mergeAndroidMainAssets
> Task :shared:parseAndroidMainLocalResources
> Task :shared:generateAndroidMainRFile
> Task :androidApp:processDebugNavigationResources
> Task :androidApp:parseDebugLocalResources
> Task :androidApp:generateDebugRFile
> Task :androidApp:desugarDebugFileDependencies
> Task :shared:writeAndroidMainAarMetadata
> Task :androidApp:mergeDebugAssets
> Task :androidApp:compressDebugAssets
> Task :androidApp:checkDebugAarMetadata
> Task :androidApp:checkDebugDuplicateClasses
> Task :androidApp:compileDebugNavigationResources
> Task :androidApp:mapDebugSourceSetPaths
> Task :androidApp:createDebugCompatibleScreenManifests
> Task :androidApp:extractDeepLinksDebug
> Task :shared:processAndroidMainManifest
> Task :shared:compileAndroidMain
> Task :androidApp:mergeExtDexDebug
> Task :androidApp:mergeDebugResources
> Task :androidApp:processDebugMainManifest
> Task :shared:compileAndroidMainLibraryResources
> Task :androidApp:mergeDebugJniLibFolders
> Task :shared:mergeAndroidMainJniLibFolders
> Task :shared:mergeAndroidMainNativeLibs NO-SOURCE
> Task :shared:copyAndroidMainJniLibsProjectOnly
> Task :androidApp:mergeDebugNativeLibs

> Task :androidApp:stripDebugDebugSymbols
Unable to strip the following libraries, packaging them as they are: libandroidx.graphics.path.so. Run with --info option to learn more.

> Task :androidApp:validateSigningDebug
> Task :androidApp:writeDebugAppMetadata
> Task :androidApp:writeDebugSigningConfigVersions

> Task :shared:compileAndroidMain
w: file:///home/runner/work/pharmaMobil-ktor/pharmaMobil-ktor/shared/src/commonMain/kotlin/pe/edu/upeu/pharmamobil/App.kt:102:52 'fun KoinContext(koin: Koin = ..., content: ComposableFunction0<Unit>): Unit' is deprecated. KoinContext is not needed anymore. This can be removed. Compose Koin context is setup with StartKoin().

> Task :shared:processAndroidMainJavaRes
> Task :shared:bundleAndroidMainClassesToCompileJar
> Task :shared:bundleLibRuntimeToDirAndroidMain
> Task :androidApp:mergeLibDexDebug
> Task :androidApp:compileDebugKotlin
> Task :androidApp:compileDebugJavaWithJavac NO-SOURCE
> Task :androidApp:processDebugJavaRes
> Task :androidApp:mergeDebugJavaResource
> Task :androidApp:processDebugManifest
> Task :androidApp:processDebugManifestForPackage
> Task :androidApp:processDebugResources
> Task :androidApp:dexBuilderDebug
> Task :androidApp:mergeProjectDexDebug
> Task :androidApp:packageDebug
> Task :androidApp:assembleDebug
> Task :androidApp:createDebugApkListingFileRedirect

[Incubating] Problems report is available at: file:///home/runner/work/pharmaMobil-ktor/pharmaMobil-ktor/build/reports/problems/problems-report.html

BUILD SUCCESSFUL in 3m 36s
57 actionable tasks: 57 executed
Configuration cache entry stored.
