Downloading https://services.gradle.org/distributions/gradle-9.1.0-bin.zip
............10%.............20%.............30%.............40%.............50%............60%.............70%.............80%.............90%.............100%

Welcome to Gradle 9.1.0!

Here are the highlights of this release:
 - Full Java 25 support
 - Native task graph visualization
 - Enhanced console output

For more details see https://docs.gradle.org/9.1.0/release-notes.html

Starting a Gradle Daemon (subsequent builds will be faster)
Daemon JVM discovery is an incubating feature.
Calculating task graph as no cached configuration is available for tasks: :shared:linkDebugFrameworkIosSimulatorArm64
> Task :shared:checkIosSimulatorArm64MainComposeLibrariesCompatibility
> Task :shared:kmpPartiallyResolvedDependenciesChecker
> Task :shared:checkKotlinGradlePluginConfigurationErrors SKIPPED
> Task :shared:convertXmlValueResourcesForAppleMain NO-SOURCE
> Task :shared:copyNonXmlValueResourcesForAppleMain NO-SOURCE
> Task :shared:convertXmlValueResourcesForCommonMain NO-SOURCE
> Task :shared:prepareComposeResourcesTaskForAppleMain NO-SOURCE
> Task :shared:generateResourceAccessorsForAppleMain NO-SOURCE
> Task :shared:convertXmlValueResourcesForIosMain NO-SOURCE
> Task :shared:copyNonXmlValueResourcesForIosMain NO-SOURCE
> Task :shared:prepareComposeResourcesTaskForIosMain NO-SOURCE
> Task :shared:generateResourceAccessorsForIosMain NO-SOURCE
> Task :shared:convertXmlValueResourcesForIosSimulatorArm64Main NO-SOURCE
> Task :shared:copyNonXmlValueResourcesForIosSimulatorArm64Main NO-SOURCE
> Task :shared:prepareComposeResourcesTaskForIosSimulatorArm64Main NO-SOURCE
> Task :shared:generateResourceAccessorsForIosSimulatorArm64Main NO-SOURCE
> Task :shared:convertXmlValueResourcesForNativeMain NO-SOURCE
> Task :shared:copyNonXmlValueResourcesForNativeMain NO-SOURCE
> Task :shared:prepareComposeResourcesTaskForNativeMain NO-SOURCE
> Task :shared:generateResourceAccessorsForNativeMain NO-SOURCE
> Task :shared:copyNonXmlValueResourcesForCommonMain
> Task :shared:prepareComposeResourcesTaskForCommonMain
> Task :shared:generateComposeResClass
> Task :shared:generateResourceAccessorsForCommonMain
> Task :shared:generateExpectResourceCollectorsForCommonMain
> Task :shared:generateActualResourceCollectorsForIosSimulatorArm64Main

> Task :shared:downloadKotlinNativeDistribution
Kotlin/Native bundle directory /Users/runner/.konan/kotlin-native-prebuilt-macos-aarch64-2.4.10 is not empty. Native bundle files will be overwritten.
Downloading native dependencies (LLVM, sysroot etc). This is a one-time action performed only on the first run of the compiler.
Downloading dependency https://download.jetbrains.com/kotlin/native/resources/llvm/21-aarch64-macos/llvm-21-aarch64-macos-essentials-97.tar.gz to /Users/runner/.konan/dependencies/cache/llvm-21-aarch64-macos-essentials-97.tar.gz
Done.
Extracting dependency: /Users/runner/.konan/dependencies/cache/llvm-21-aarch64-macos-essentials-97.tar.gz into /Users/runner/.konan/dependencies
Downloading dependency https://download.jetbrains.com/kotlin/native/libffi-3.3-1-macos-arm64.tar.gz to /Users/runner/.konan/dependencies/cache/libffi-3.3-1-macos-arm64.tar.gz
Done.
Extracting dependency: /Users/runner/.konan/dependencies/cache/libffi-3.3-1-macos-arm64.tar.gz into /Users/runner/.konan/dependencies

> Task :shared:compileKotlinIosSimulatorArm64
w: file:///Users/runner/work/pharmaMobil-ktor/pharmaMobil-ktor/shared/src/commonMain/kotlin/pe/edu/upeu/pharmamobil/App.kt:102:52 'fun KoinContext(koin: Koin = ..., content: ComposableFunction0<Unit>): Unit' is deprecated. KoinContext is not needed anymore. This can be removed. Compose Koin context is setup with StartKoin().

> Task :shared:linkDebugFrameworkIosSimulatorArm64
w: The number of threads 4 is more than the number of processors 3
w: Cannot infer a bundle ID from packages of source files and exported dependencies, use the bundle name instead: Shared. Please specify the bundle ID explicitly using the -Xbinary=bundleId=<id> compiler flag.

BUILD SUCCESSFUL in 11m 30s
11 actionable tasks: 11 executed
Configuration cache entry stored.
